[ molecule ]
LIB

[ from ]
amber charmm

[ to ]
martini3001

[ martini ]
  N01 N02 C03 N04 N05 N06 P07 N08 C09 C10 C11 C12 C13 C14 X15 C16 C17 C18 C19 C20

[ mapping ]
amber charmm

[ atoms ]
     1      C1     N01
     2      O1     N01
     3      N1     N02
     4      C4     N02
     5      S1     C03
     6      C5     C03
     7      C2     N04
     8      O2     N04
     9      N2     N05
    10      C3     N05
    11      N3     N06
    12     C31     N06
    13      O3     P07
    14     C17     P07
    15      N4     N08
    16     C28     N08
    17      C6     C09
    18      C7     C09
    19      C8     C10
    20     C13     C10
    21      C9     C11
    22     C14     C11
    23     C10     C12
    24     C12     C12
    25     C11     C13
    26     C18     C13
    27     C15     C14
    28     C23     C14
    29     C16     X15
    30      F1     X15
    31     C19     C16
    32     C20     C16
    33     C21     C17
    34     C24     C17
    35     C22     C18
    36     C27     C18
    37     C25     C19
    38     C29     C19
    39     C26     C20
    40     C30     C20

